LIMITED_CONSTRUCTION_COMPARISON_COMPLETE_AWAITING_GPT_REVIEW compilations 374
	Command being timed: "/tmp/prt-representation-venv/bin/python scripts/run_representation_construction_comparison.py --output artifacts/representation_construction_comparison/2026-10-10/run1"
	User time (seconds): 17.30
	System time (seconds): 0.17
	Percent of CPU this job got: 99%
	Elapsed (wall clock) time (h:mm:ss or m:ss): 0:17.48
	Average shared text size (kbytes): 0
	Average unshared data size (kbytes): 0
	Average stack size (kbytes): 0
	Average total size (kbytes): 0
	Maximum resident set size (kbytes): 548340
	Average resident set size (kbytes): 0
	Major (requiring I/O) page faults: 0
	Minor (reclaiming a frame) page faults: 124903
	Voluntary context switches: 21
	Involuntary context switches: 621
	Swaps: 0
	File system inputs: 0
	File system outputs: 33728
	Socket messages sent: 0
	Socket messages received: 0
	Signals delivered: 0
	Page size (bytes): 4096
	Exit status: 0
